// Jest Snapshot v1, https://goo.gl/fbAQLP

exports[`Footer Component Renders Should match snapshot 1`] = `
<React.Fragment>
  <div
    id="layout-wrapper"
  >
    <Header
      toggleMenuCallback={[Function]}
    />
    <Memo(Connect(Sidebar)) />
    <div
      className="main-content"
    />
    <Footer />
  </div>
</React.Fragment>
`;
